CCS PCM C Compiler, Version 5.015, 5967               13-Oct-22 18:55

               Filename:   D:\HOC\visuly\code\machdengiaothong.lst

               ROM used:   438 words (5%)
                           Largest free fragment is 2048
               RAM used:   22 (6%) at main() level
                           28 (8%) worst case
               Stack used: 2 locations
               Stack size: 8

*
0000:  MOVLW  00
0001:  MOVWF  0A
0002:  GOTO   05A
0003:  NOP
.................... #INCLUDE <16F887.H> 
.................... //////////// Standard Header file for the PIC16F887 device //////////////// 
.................... /////////////////////////////////////////////////////////////////////////// 
.................... ////        (C) Copyright 1996, 2013 Custom Computer Services          //// 
.................... //// This source code may only be used by licensed users of the CCS C  //// 
.................... //// compiler.  This source code may only be distributed to other      //// 
.................... //// licensed users of the CCS C compiler.  No other use, reproduction //// 
.................... //// or distribution is permitted without written permission.          //// 
.................... //// Derivative programs created using this software in object code    //// 
.................... //// form are not restricted in any way.                               //// 
.................... /////////////////////////////////////////////////////////////////////////// 
.................... #device PIC16F887 
0004:  MOVF   31,W
0005:  CLRF   78
0006:  SUBWF  30,W
0007:  BTFSC  03.0
0008:  GOTO   00C
0009:  MOVF   30,W
000A:  MOVWF  77
000B:  GOTO   018
000C:  CLRF   77
000D:  MOVLW  08
000E:  MOVWF  32
000F:  RLF    30,F
0010:  RLF    77,F
0011:  MOVF   31,W
0012:  SUBWF  77,W
0013:  BTFSC  03.0
0014:  MOVWF  77
0015:  RLF    78,F
0016:  DECFSZ 32,F
0017:  GOTO   00F
0018:  RETURN
....................  
.................... #list 
....................  
.................... #FUSES HS 
.................... #USE DELAY(CLOCK=20M) 
*
0046:  MOVLW  2E
0047:  MOVWF  04
0048:  BCF    03.7
0049:  MOVF   00,W
004A:  BTFSC  03.2
004B:  GOTO   059
004C:  MOVLW  06
004D:  MOVWF  78
004E:  CLRF   77
004F:  DECFSZ 77,F
0050:  GOTO   04F
0051:  DECFSZ 78,F
0052:  GOTO   04E
0053:  MOVLW  7B
0054:  MOVWF  77
0055:  DECFSZ 77,F
0056:  GOTO   055
0057:  DECFSZ 00,F
0058:  GOTO   04C
0059:  RETURN
....................  
.................... #DEFINE SER PIN_D0 
.................... #DEFINE SCK PIN_D1 
.................... #DEFINE RCK PIN_D2 
....................  
.................... #DEFINE X1_D2 0X11 
.................... #DEFINE V1_D2 0X14 
.................... #DEFINE D1_X2 0X0A 
.................... #DEFINE D1_V2 0X22 
....................  
.................... #DEFINE TG_DO 29 
.................... #DEFINE TG_XANH 26 
.................... #DEFINE TG_VANG 2 
....................  
.................... VOID XUAT_1BYTE(UNSIGNED INT8 BYTEXUAT) 
.................... { 
.................... UNSIGNED INT8 I; 
.................... #BIT BSER = BYTEXUAT.7 
....................  
.................... FOR(I=0;I<8;I++) 
*
0019:  CLRF   36
001A:  MOVF   36,W
001B:  SUBLW  07
001C:  BTFSS  03.0
001D:  GOTO   030
.................... { 
.................... OUTPUT_BIT(SER,BSER); 
001E:  BTFSC  35.7
001F:  GOTO   022
0020:  BCF    08.0
0021:  GOTO   023
0022:  BSF    08.0
0023:  BSF    03.5
0024:  BCF    08.0
.................... OUTPUT_LOW(SCK); OUTPUT_HIGH(SCK); 
0025:  BCF    08.1
0026:  BCF    03.5
0027:  BCF    08.1
0028:  BSF    03.5
0029:  BCF    08.1
002A:  BCF    03.5
002B:  BSF    08.1
.................... BYTEXUAT=BYTEXUAT<<1; 
002C:  BCF    03.0
002D:  RLF    35,F
002E:  INCF   36,F
002F:  GOTO   01A
.................... } 
0030:  RETURN
.................... } 
.................... VOID XUAT_4LED_7DOAN(UNSIGNED INT8 LED4, LED3, LED2, LED1) 
.................... { 
.................... XUAT_1BYTE(LED4); 
0031:  MOVF   31,W
0032:  MOVWF  35
0033:  CALL   019
....................  
.................... XUAT_1BYTE(LED3); 
0034:  MOVF   32,W
0035:  MOVWF  35
0036:  CALL   019
....................  
.................... XUAT_1BYTE(LED2); 
0037:  MOVF   33,W
0038:  MOVWF  35
0039:  CALL   019
....................  
.................... XUAT_1BYTE(LED1); 
003A:  MOVF   34,W
003B:  MOVWF  35
003C:  CALL   019
.................... OUTPUT_LOW(RCK); OUTPUT_HIGH(RCK); 
003D:  BSF    03.5
003E:  BCF    08.2
003F:  BCF    03.5
0040:  BCF    08.2
0041:  BSF    03.5
0042:  BCF    08.2
0043:  BCF    03.5
0044:  BSF    08.2
0045:  RETURN
.................... } 
....................  
.................... UNSIGNED INT8 DEM1, DEM2; 
.................... UNSIGNED INT8 MA7DOAN[10]={0XC0,0XF9,0XA4,0XB0,0X99,0X92,0X82,0XF8,0X80,0X90}; 
*
006F:  MOVLW  C0
0070:  BCF    03.6
0071:  MOVWF  22
0072:  MOVLW  F9
0073:  MOVWF  23
0074:  MOVLW  A4
0075:  MOVWF  24
0076:  MOVLW  B0
0077:  MOVWF  25
0078:  MOVLW  99
0079:  MOVWF  26
007A:  MOVLW  92
007B:  MOVWF  27
007C:  MOVLW  82
007D:  MOVWF  28
007E:  MOVLW  F8
007F:  MOVWF  29
0080:  MOVLW  80
0081:  MOVWF  2A
0082:  MOVLW  90
0083:  MOVWF  2B
.................... VOID MAIN () 
*
005A:  MOVF   03,W
005B:  ANDLW  1F
005C:  MOVWF  03
005D:  MOVLW  FF
005E:  MOVWF  2C
005F:  BSF    03.5
0060:  BSF    03.6
0061:  MOVF   09,W
0062:  ANDLW  C0
0063:  MOVWF  09
0064:  BCF    03.6
0065:  BCF    1F.4
0066:  BCF    1F.5
0067:  MOVLW  00
0068:  BSF    03.6
0069:  MOVWF  08
006A:  BCF    03.5
006B:  CLRF   07
006C:  CLRF   08
006D:  CLRF   09
006E:  BCF    03.7
.................... { 
....................       SET_TRIS_D(0X00); 
*
0084:  MOVLW  00
0085:  BSF    03.5
0086:  MOVWF  08
....................       SET_TRIS_C(0X00); 
0087:  MOVWF  07
0088:  BCF    03.5
0089:  MOVWF  2C
....................    LAPLAI: 
....................    OUTPUT_C(X1_D2); 
008A:  MOVLW  00
008B:  MOVWF  2C
008C:  BSF    03.5
008D:  CLRF   07
008E:  MOVLW  11
008F:  BCF    03.5
0090:  MOVWF  07
....................    DEM1=TG_XANH; 
0091:  MOVLW  1A
0092:  MOVWF  20
....................    DEM2=TG_DO; 
0093:  MOVLW  1D
0094:  MOVWF  21
....................    DO 
....................    { 
....................    XUAT_4LED_7DOAN(MA7DOAN[DEM1/10], MA7DOAN[DEM1%10], MA7DOAN[DEM2/10], MA7DOAN[DEM2%10]); 
0095:  MOVF   20,W
0096:  MOVWF  30
0097:  MOVLW  0A
0098:  MOVWF  31
0099:  CALL   004
009A:  MOVLW  22
009B:  ADDWF  78,W
009C:  MOVWF  04
009D:  BCF    03.7
009E:  MOVF   00,W
009F:  MOVWF  2D
00A0:  MOVF   20,W
00A1:  MOVWF  30
00A2:  MOVLW  0A
00A3:  MOVWF  31
00A4:  CALL   004
00A5:  MOVLW  22
00A6:  ADDWF  77,W
00A7:  MOVWF  04
00A8:  BCF    03.7
00A9:  MOVF   00,W
00AA:  MOVWF  2E
00AB:  MOVF   21,W
00AC:  MOVWF  30
00AD:  MOVLW  0A
00AE:  MOVWF  31
00AF:  CALL   004
00B0:  MOVLW  22
00B1:  ADDWF  78,W
00B2:  MOVWF  04
00B3:  BCF    03.7
00B4:  MOVF   00,W
00B5:  MOVWF  2F
00B6:  MOVF   21,W
00B7:  MOVWF  30
00B8:  MOVLW  0A
00B9:  MOVWF  31
00BA:  CALL   004
00BB:  MOVLW  22
00BC:  ADDWF  77,W
00BD:  MOVWF  04
00BE:  BCF    03.7
00BF:  MOVF   00,W
00C0:  MOVWF  30
00C1:  MOVF   2D,W
00C2:  MOVWF  31
00C3:  MOVF   2E,W
00C4:  MOVWF  32
00C5:  MOVF   2F,W
00C6:  MOVWF  33
00C7:  MOVF   30,W
00C8:  MOVWF  34
00C9:  CALL   031
....................    DELAY_MS(1000); 
00CA:  MOVLW  04
00CB:  MOVWF  2D
00CC:  MOVLW  FA
00CD:  MOVWF  2E
00CE:  CALL   046
00CF:  DECFSZ 2D,F
00D0:  GOTO   0CC
....................    DEM1--; 
00D1:  DECF   20,F
....................    DEM2--; 
00D2:  DECF   21,F
....................    } 
....................  WHILE (DEM1!=255); 
00D3:  INCFSZ 20,W
00D4:  GOTO   095
....................  OUTPUT_C(V1_D2); 
00D5:  MOVLW  00
00D6:  MOVWF  2C
00D7:  BSF    03.5
00D8:  CLRF   07
00D9:  MOVLW  14
00DA:  BCF    03.5
00DB:  MOVWF  07
....................  DEM1=TG_VANG; 
00DC:  MOVLW  02
00DD:  MOVWF  20
....................   
....................  DO 
....................  { 
....................  XUAT_4LED_7DOAN(MA7DOAN[DEM1/10], MA7DOAN[DEM1%10], MA7DOAN[DEM2/10], MA7DOAN[DEM2%10]); 
00DE:  MOVF   20,W
00DF:  MOVWF  30
00E0:  MOVLW  0A
00E1:  MOVWF  31
00E2:  CALL   004
00E3:  MOVLW  22
00E4:  ADDWF  78,W
00E5:  MOVWF  04
00E6:  BCF    03.7
00E7:  MOVF   00,W
00E8:  MOVWF  2D
00E9:  MOVF   20,W
00EA:  MOVWF  30
00EB:  MOVLW  0A
00EC:  MOVWF  31
00ED:  CALL   004
00EE:  MOVLW  22
00EF:  ADDWF  77,W
00F0:  MOVWF  04
00F1:  BCF    03.7
00F2:  MOVF   00,W
00F3:  MOVWF  2E
00F4:  MOVF   21,W
00F5:  MOVWF  30
00F6:  MOVLW  0A
00F7:  MOVWF  31
00F8:  CALL   004
00F9:  MOVLW  22
00FA:  ADDWF  78,W
00FB:  MOVWF  04
00FC:  BCF    03.7
00FD:  MOVF   00,W
00FE:  MOVWF  2F
00FF:  MOVF   21,W
0100:  MOVWF  30
0101:  MOVLW  0A
0102:  MOVWF  31
0103:  CALL   004
0104:  MOVLW  22
0105:  ADDWF  77,W
0106:  MOVWF  04
0107:  BCF    03.7
0108:  MOVF   00,W
0109:  MOVWF  30
010A:  MOVF   2D,W
010B:  MOVWF  31
010C:  MOVF   2E,W
010D:  MOVWF  32
010E:  MOVF   2F,W
010F:  MOVWF  33
0110:  MOVF   30,W
0111:  MOVWF  34
0112:  CALL   031
....................    DELAY_MS(1000); 
0113:  MOVLW  04
0114:  MOVWF  2D
0115:  MOVLW  FA
0116:  MOVWF  2E
0117:  CALL   046
0118:  DECFSZ 2D,F
0119:  GOTO   115
....................    DEM1--; 
011A:  DECF   20,F
....................    DEM2--; 
011B:  DECF   21,F
....................    } 
....................  WHILE (DEM1!=255); 
011C:  INCFSZ 20,W
011D:  GOTO   0DE
....................  OUTPUT_C(D1_X2); 
011E:  MOVLW  00
011F:  MOVWF  2C
0120:  BSF    03.5
0121:  CLRF   07
0122:  MOVLW  0A
0123:  BCF    03.5
0124:  MOVWF  07
....................  DEM1=TG_DO; 
0125:  MOVLW  1D
0126:  MOVWF  20
....................  DEM2=TG_XANH; 
0127:  MOVLW  1A
0128:  MOVWF  21
....................  DO 
....................   { 
....................  XUAT_4LED_7DOAN(MA7DOAN[DEM1/10], MA7DOAN[DEM1%10], MA7DOAN[DEM2/10], MA7DOAN[DEM2%10]); 
0129:  MOVF   20,W
012A:  MOVWF  30
012B:  MOVLW  0A
012C:  MOVWF  31
012D:  CALL   004
012E:  MOVLW  22
012F:  ADDWF  78,W
0130:  MOVWF  04
0131:  BCF    03.7
0132:  MOVF   00,W
0133:  MOVWF  2D
0134:  MOVF   20,W
0135:  MOVWF  30
0136:  MOVLW  0A
0137:  MOVWF  31
0138:  CALL   004
0139:  MOVLW  22
013A:  ADDWF  77,W
013B:  MOVWF  04
013C:  BCF    03.7
013D:  MOVF   00,W
013E:  MOVWF  2E
013F:  MOVF   21,W
0140:  MOVWF  30
0141:  MOVLW  0A
0142:  MOVWF  31
0143:  CALL   004
0144:  MOVLW  22
0145:  ADDWF  78,W
0146:  MOVWF  04
0147:  BCF    03.7
0148:  MOVF   00,W
0149:  MOVWF  2F
014A:  MOVF   21,W
014B:  MOVWF  30
014C:  MOVLW  0A
014D:  MOVWF  31
014E:  CALL   004
014F:  MOVLW  22
0150:  ADDWF  77,W
0151:  MOVWF  04
0152:  BCF    03.7
0153:  MOVF   00,W
0154:  MOVWF  30
0155:  MOVF   2D,W
0156:  MOVWF  31
0157:  MOVF   2E,W
0158:  MOVWF  32
0159:  MOVF   2F,W
015A:  MOVWF  33
015B:  MOVF   30,W
015C:  MOVWF  34
015D:  CALL   031
....................    DELAY_MS(1000); 
015E:  MOVLW  04
015F:  MOVWF  2D
0160:  MOVLW  FA
0161:  MOVWF  2E
0162:  CALL   046
0163:  DECFSZ 2D,F
0164:  GOTO   160
....................    DEM1--; 
0165:  DECF   20,F
....................    DEM2--; 
0166:  DECF   21,F
....................    } 
....................  WHILE (DEM2!=255); 
0167:  INCFSZ 21,W
0168:  GOTO   129
....................  OUTPUT_C(D1_V2); 
0169:  MOVLW  00
016A:  MOVWF  2C
016B:  BSF    03.5
016C:  CLRF   07
016D:  MOVLW  22
016E:  BCF    03.5
016F:  MOVWF  07
....................  DEM1=TG_DO; 
0170:  MOVLW  1D
0171:  MOVWF  20
....................  DEM2=TG_VANG; 
0172:  MOVLW  02
0173:  MOVWF  21
....................   DO 
....................   { 
....................  XUAT_4LED_7DOAN(MA7DOAN[DEM1/10], MA7DOAN[DEM1%10], MA7DOAN[DEM2/10], MA7DOAN[DEM2%10]); 
0174:  MOVF   20,W
0175:  MOVWF  30
0176:  MOVLW  0A
0177:  MOVWF  31
0178:  CALL   004
0179:  MOVLW  22
017A:  ADDWF  78,W
017B:  MOVWF  04
017C:  BCF    03.7
017D:  MOVF   00,W
017E:  MOVWF  2D
017F:  MOVF   20,W
0180:  MOVWF  30
0181:  MOVLW  0A
0182:  MOVWF  31
0183:  CALL   004
0184:  MOVLW  22
0185:  ADDWF  77,W
0186:  MOVWF  04
0187:  BCF    03.7
0188:  MOVF   00,W
0189:  MOVWF  2E
018A:  MOVF   21,W
018B:  MOVWF  30
018C:  MOVLW  0A
018D:  MOVWF  31
018E:  CALL   004
018F:  MOVLW  22
0190:  ADDWF  78,W
0191:  MOVWF  04
0192:  BCF    03.7
0193:  MOVF   00,W
0194:  MOVWF  2F
0195:  MOVF   21,W
0196:  MOVWF  30
0197:  MOVLW  0A
0198:  MOVWF  31
0199:  CALL   004
019A:  MOVLW  22
019B:  ADDWF  77,W
019C:  MOVWF  04
019D:  BCF    03.7
019E:  MOVF   00,W
019F:  MOVWF  30
01A0:  MOVF   2D,W
01A1:  MOVWF  31
01A2:  MOVF   2E,W
01A3:  MOVWF  32
01A4:  MOVF   2F,W
01A5:  MOVWF  33
01A6:  MOVF   30,W
01A7:  MOVWF  34
01A8:  CALL   031
....................    DELAY_MS(1000); 
01A9:  MOVLW  04
01AA:  MOVWF  2D
01AB:  MOVLW  FA
01AC:  MOVWF  2E
01AD:  CALL   046
01AE:  DECFSZ 2D,F
01AF:  GOTO   1AB
....................    DEM1--; 
01B0:  DECF   20,F
....................    DEM2--; 
01B1:  DECF   21,F
....................    } 
....................  WHILE (DEM2!=255); 
01B2:  INCFSZ 21,W
01B3:  GOTO   174
....................   
....................  GOTO LAPLAI; 
01B4:  GOTO   08A
....................   
.................... } 
01B5:  SLEEP

Configuration Fuses:
   Word  1: 2FE2   HS NOWDT PUT MCLR NOPROTECT NOCPD BROWNOUT IESO FCMEN NOLVP NODEBUG
   Word  2: 3FFF   BORV40 NOWRT
